Doing density of states analysis based on trajectory.

++++ PLEASE READ AND CITE THE FOLLOWING REFERENCE ++++
T. A. Pascal and S. T. Lin and W. A. Goddard III
Thermodynamics of liquids: standard molar entropies and heat capacities of
common solvents from 2PT molecular dynamics
Phys. Chem. Chem. Phys. 13 (2011) pp. 169-181
-------- -------- --- Thank You --- -------- --------


++++ PLEASE READ AND CITE THE FOLLOWING REFERENCE ++++
C. Caleman and P. J. van Maaren and M. Hong and J. S. Hub and L. T. da Costa
and D. van der Spoel
Force Field Benchmark of Organic Liquids: Density, Enthalpy of Vaporization,
Heat Capacities, Surface Tension, Isothermal Compressibility, Volumetric
Expansion Coefficient, and Dielectric Constant
J. Chem. Theo. Comp. 8 (2012) pp. 61
-------- -------- --- Thank You --- -------- --------

System = "Melamine crystal (COD 2205105 supercell)"
Nmol = 144
Natom = 2160
dt = 0.0005 ps
tmass = 18161.7 amu
V = 17.529 nm^3
rho = 1720.48 g/l
T = 298.15 K
beta = 0.403395 mol/kJ

DoS parameters
Delta = 0.00445095
fluidicity = 0.0340548
hard sphere packing fraction = 21.1635
hard sphere compressibility = 1.09895
ideal gas entropy = 0.0469678
hard sphere entropy = -0.0572262
sigma_HS = 0.689653 nm
DoS0 = 5.86851
Dos2 = 3.82499e+15
DoSTot = 13040.4
Diffusion coefficient from VACF -0.00540736 10^-5 cm^2/s
Diffusion coefficient from DoS 0.0667512 10^-5 cm^2/s
Heat capacity -nan J/mol K

Arrivederci!
